// Jest Snapshot v1, https://goo.gl/fbAQLP

exports[`should render ExpenseListItem with one expense 1`] = `
<div>
  <h3>
    <Link
      replace={false}
      to="edit/1"
    >
      Gum
    </Link>
  </h3>
  <p>
    Amount: 
    450
  </p>
  <p>
    Created At: 
    0
  </p>
</div>
`;
